// Jest Snapshot v1, https://goo.gl/fbAQLP

exports[`Dashboard snapshot 1`] = `
<div>
  <div
    class="bn-dashboard"
  >
    <div>
      <header
        class="bn-header"
      >
        <h2
          style="margin: 0px;"
        >
          Signal feed
        </h2>
        <div
          style="font-size: 12px; color: rgb(198, 40, 40);"
        >
          Socket: 
          disconnected
        </div>
      </header>
      <div
        class="bn-card"
        style="margin-top: 12px; position: relative;"
      >
        <div
          class="chart-current-value"
        >
          Current: —
        </div>
        <div
          class="chart-panel"
        >
          <div
            class="chart-area"
          />
          <div
            aria-live="polite"
            class="chart-legend"
            role="status"
          >
            Current: —
          </div>
          <div
            aria-hidden="true"
            class="chart-tooltip"
            role="tooltip"
          />
        </div>
      </div>
      <section
        class="bn-card"
        style="margin-top: 12px;"
      >
        <h3
          style="margin-top: 0px;"
        >
          Recent signals
        </h3>
        <ul
          class="bn-recent-list"
        />
      </section>
    </div>
    <aside
      class="bn-aside"
    >
      <div
        class="bn-card"
      >
        <div>
          <h3>
            Rules
          </h3>
          <ul />
        </div>
      </div>
    </aside>
  </div>
</div>
`;
